\BOOKMARK [1][-]{section.1}{\376\377\004\022\004\052\004\022\004\025\004\024\004\025\004\035\004\030\004\025}{}% 1
\BOOKMARK [1][-]{section.2}{\376\377\004\042\004\025\004\036\004\040\004\025\004\042\004\030\004\047\004\035\004\020\000\040\004\030\000\040\004\042\004\025\004\045\004\035\004\036\004\033\004\036\004\023\004\030\004\047\004\035\004\020\000\040\004\036\004\021\004\036\004\041\004\035\004\036\004\022\004\032\004\020}{}% 2
\BOOKMARK [2][-]{subsection.2.1}{\376\377\004\035\004\065\004\100\004\065\004\073\004\060\004\106\004\070\004\076\004\075\004\075\004\070\000\040\004\061\004\060\004\067\004\070\000\040\004\064\004\060\004\075\004\075\004\070}{section.2}% 3
\BOOKMARK [2][-]{subsection.2.2}{\376\377\004\024\004\076\004\072\004\103\004\074\004\065\004\075\004\102\004\076\000-\004\076\004\100\004\070\004\065\004\075\004\102\004\070\004\100\004\060\004\075\000\040\004\074\004\076\004\064\004\065\004\073\000\040\004\075\004\060\000\040\004\064\004\060\004\075\004\075\004\070}{section.2}% 4
\BOOKMARK [2][-]{subsection.2.3}{\376\377\000M\000o\000n\000g\000o\000D\000B\000\040\000-\000\040\004\070\004\067\004\061\004\100\004\060\004\075\004\060\000\040\004\102\004\065\004\105\004\075\004\076\004\073\004\076\004\063\004\070\004\117}{section.2}% 5
\BOOKMARK [2][-]{subsection.2.4}{\376\377\004\030\004\067\004\077\004\076\004\073\004\067\004\062\004\060\004\075\004\070\000\040\004\102\004\065\004\105\004\075\004\076\004\073\004\076\004\063\004\070\004\070}{section.2}% 6
\BOOKMARK [3][-]{subsubsection.2.4.1}{\376\377\000N\000o\000d\000e\000.\000j\000s\000\040\004\070\000\040\000E\000x\000p\000r\000e\000s\000s\000.\000j\000s}{subsection.2.4}% 7
\BOOKMARK [3][-]{subsubsection.2.4.2}{\376\377\004\024\004\076\004\077\004\112\004\073\004\075\004\070\004\102\004\065\004\073\004\075\004\070\000\040\004\102\004\065\004\105\004\075\004\076\004\073\004\076\004\063\004\070\004\070}{subsection.2.4}% 8
\BOOKMARK [2][-]{subsection.2.5}{\376\377\004\036\004\061\004\076\004\101\004\075\004\076\004\062\004\072\004\060\000\040\004\075\004\060\000\040\004\102\004\065\004\105\004\075\004\076\004\073\004\076\004\063\004\070\004\107\004\075\004\070\004\117\000\040\004\101\004\102\004\065\004\072}{section.2}% 9
\BOOKMARK [1][-]{section.3}{\376\377\004\020\004\040\004\045\004\030\004\042\004\025\004\032\004\042\004\043\004\040\004\020\000\040\004\030\000\040\004\040\004\025\004\020\004\033\004\030\004\027\004\020\004\046\004\030\004\057}{}% 10
\BOOKMARK [2][-]{subsection.3.1}{\376\377\004\041\004\102\004\100\004\103\004\072\004\102\004\103\004\100\004\060\000\040\004\075\004\060\000\040\004\064\004\060\004\075\004\075\004\070\004\102\004\065}{section.3}% 11
\BOOKMARK [3][-]{subsubsection.3.1.1}{\376\377\004\032\004\076\004\073\004\065\004\072\004\106\004\070\004\117\000\040\000u\000s\000e\000r\000s}{subsection.3.1}% 12
\BOOKMARK [3][-]{subsubsection.3.1.2}{\376\377\004\032\004\076\004\073\004\065\004\072\004\106\004\070\004\117\000\040\000c\000o\000u\000r\000s\000e\000s}{subsection.3.1}% 13
\BOOKMARK [3][-]{subsubsection.3.1.3}{\376\377\004\032\004\076\004\073\004\065\004\072\004\106\004\070\004\117\000\040\000p\000r\000o\000g\000r\000e\000s\000s}{subsection.3.1}% 14
\BOOKMARK [2][-]{subsection.3.2}{\376\377\004\030\004\067\004\077\004\112\004\073\004\075\004\117\004\062\004\060\004\075\004\070\000\040\004\076\004\077\004\065\004\100\004\060\004\106\004\070\004\070}{section.3}% 15
\BOOKMARK [3][-]{subsubsection.3.2.1}{\376\377\004\043\004\077\004\100\004\060\004\062\004\073\004\065\004\075\004\070\004\065\000\040\004\075\004\060\000\040\004\064\004\076\004\101\004\102\004\112\004\077\004\060\000\040\000\050\000R\000B\000A\000C\000\051}{subsection.3.2}% 16
\BOOKMARK [3][-]{subsubsection.3.2.2}{\376\377\000C\000R\000U\000D\000\040\004\076\004\077\004\065\004\100\004\060\004\106\004\070\004\070}{subsection.3.2}% 17
\BOOKMARK [3][-]{subsubsection.3.2.3}{\376\377\004\020\004\063\004\100\004\065\004\063\004\070\004\100\004\060\004\111\004\070\000\040\004\076\004\077\004\065\004\100\004\060\004\106\004\070\004\070}{subsection.3.2}% 18
\BOOKMARK [2][-]{subsection.3.3}{\376\377\004\042\004\065\004\101\004\102\004\062\004\060\004\075\004\065\000\040\004\070\000\040\004\076\004\061\004\100\004\060\004\061\004\076\004\102\004\072\004\060\000\040\004\075\004\060\000\040\004\063\004\100\004\065\004\110\004\072\004\070}{section.3}% 19
\BOOKMARK [1][-]{section.4}{\376\377\004\027\004\020\004\032\004\033\004\056\004\047\004\025\004\035\004\030\004\025}{}% 20
\BOOKMARK [2][-]{subsection.4.1}{\376\377\004\036\004\061\004\076\004\061\004\111\004\065\004\075\004\070\004\065\000\040\004\075\004\060\000\040\004\077\004\100\004\076\004\065\004\072\004\102\004\060}{section.4}% 21
\BOOKMARK [2][-]{subsection.4.2}{\376\377\004\036\004\101\004\075\004\076\004\062\004\075\004\070\000\040\004\070\004\067\004\062\004\076\004\064\004\070}{section.4}% 22
\BOOKMARK [2][-]{subsection.4.3}{\376\377\004\037\004\076\004\101\004\102\004\070\004\063\004\075\004\060\004\102\004\070\000\040\004\100\004\065\004\067\004\103\004\073\004\102\004\060\004\102\004\070}{section.4}% 23
\BOOKMARK [2][-]{subsection.4.4}{\376\377\004\037\004\100\004\065\004\064\004\070\004\074\004\101\004\102\004\062\004\060\000\040\004\075\004\060\000\040\004\075\004\065\004\100\004\065\004\073\004\060\004\106\004\070\004\076\004\075\004\075\004\070\004\117\000\040\004\077\004\076\004\064\004\105\004\076\004\064}{section.4}% 24
\BOOKMARK [2][-]{subsection.4.5}{\376\377\004\037\004\100\004\065\004\064\004\070\004\067\004\062\004\070\004\072\004\060\004\102\004\065\004\073\004\101\004\102\004\062\004\060\000\040\004\070\000\040\004\100\004\065\004\110\004\065\004\075\004\070\004\117}{section.4}% 25
\BOOKMARK [2][-]{subsection.4.6}{\376\377\004\037\004\100\004\065\004\077\004\076\004\100\004\112\004\072\004\070\000\040\004\067\004\060\000\040\004\061\004\112\004\064\004\065\004\111\004\076\000\040\004\100\004\060\004\067\004\062\004\070\004\102\004\070\004\065}{section.4}% 26
\BOOKMARK [2][-]{subsection.4.7}{\376\377\004\027\004\060\004\072\004\073\004\116\004\107\004\070\004\102\004\065\004\073\004\075\004\070\000\040\004\074\004\070\004\101\004\073\004\070}{section.4}% 27
\BOOKMARK [1][-]{section.5}{\376\377\004\042\004\065\004\101\004\102\004\062\004\060\004\075\004\065\000\040\004\070\000\040\004\100\004\065\004\067\004\103\004\073\004\102\004\060\004\102\004\070}{}% 28
